// Jest Snapshot v1, https://goo.gl/fbAQLP

exports[`test Button component should render correctly 1`] = `
<div>
  <button
    class="someClass"
    type="button"
  >
    someText
  </button>
</div>
`;
